2025-07-03 06:07:11: TypeError: Cannot read properties of null (reading 'includes')
    at /root/HOME/webhook/index.js:145:25
    at Layer.handleRequest (/root/HOME/webhook/node_modules/.pnpm/router@2.2.0/node_modules/router/lib/layer.js:152:17)
    at next (/root/HOME/webhook/node_modules/.pnpm/router@2.2.0/node_modules/router/lib/route.js:157:13)
    at Route.dispatch (/root/HOME/webhook/node_modules/.pnpm/router@2.2.0/node_modules/router/lib/route.js:117:3)
    at handle (/root/HOME/webhook/node_modules/.pnpm/router@2.2.0/node_modules/router/index.js:435:11)
    at Layer.handleRequest (/root/HOME/webhook/node_modules/.pnpm/router@2.2.0/node_modules/router/lib/layer.js:152:17)
    at /root/HOME/webhook/node_modules/.pnpm/router@2.2.0/node_modules/router/index.js:295:15
    at processParams (/root/HOME/webhook/node_modules/.pnpm/router@2.2.0/node_modules/router/index.js:582:12)
    at next (/root/HOME/webhook/node_modules/.pnpm/router@2.2.0/node_modules/router/index.js:291:5)
    at /root/HOME/webhook/node_modules/.pnpm/body-parser@2.2.0/node_modules/body-parser/lib/read.js:132:5
2025-07-03 06:47:28: TypeError: Cannot read properties of null (reading 'includes')
    at /root/HOME/webhook/index.js:145:25
    at Layer.handleRequest (/root/HOME/webhook/node_modules/.pnpm/router@2.2.0/node_modules/router/lib/layer.js:152:17)
    at next (/root/HOME/webhook/node_modules/.pnpm/router@2.2.0/node_modules/router/lib/route.js:157:13)
    at Route.dispatch (/root/HOME/webhook/node_modules/.pnpm/router@2.2.0/node_modules/router/lib/route.js:117:3)
    at handle (/root/HOME/webhook/node_modules/.pnpm/router@2.2.0/node_modules/router/index.js:435:11)
    at Layer.handleRequest (/root/HOME/webhook/node_modules/.pnpm/router@2.2.0/node_modules/router/lib/layer.js:152:17)
    at /root/HOME/webhook/node_modules/.pnpm/router@2.2.0/node_modules/router/index.js:295:15
    at processParams (/root/HOME/webhook/node_modules/.pnpm/router@2.2.0/node_modules/router/index.js:582:12)
    at next (/root/HOME/webhook/node_modules/.pnpm/router@2.2.0/node_modules/router/index.js:291:5)
    at /root/HOME/webhook/node_modules/.pnpm/body-parser@2.2.0/node_modules/body-parser/lib/read.js:132:5
2025-07-03 06:48:52: PayloadTooLargeError: request entity too large
    at readStream (/root/HOME/webhook/node_modules/.pnpm/raw-body@3.0.0/node_modules/raw-body/index.js:163:17)
    at getRawBody (/root/HOME/webhook/node_modules/.pnpm/raw-body@3.0.0/node_modules/raw-body/index.js:116:12)
    at read (/root/HOME/webhook/node_modules/.pnpm/body-parser@2.2.0/node_modules/body-parser/lib/read.js:74:3)
    at jsonParser (/root/HOME/webhook/node_modules/.pnpm/body-parser@2.2.0/node_modules/body-parser/lib/types/json.js:125:5)
    at Layer.handleRequest (/root/HOME/webhook/node_modules/.pnpm/router@2.2.0/node_modules/router/lib/layer.js:152:17)
    at trimPrefix (/root/HOME/webhook/node_modules/.pnpm/router@2.2.0/node_modules/router/index.js:342:13)
    at /root/HOME/webhook/node_modules/.pnpm/router@2.2.0/node_modules/router/index.js:297:9
    at processParams (/root/HOME/webhook/node_modules/.pnpm/router@2.2.0/node_modules/router/index.js:582:12)
    at next (/root/HOME/webhook/node_modules/.pnpm/router@2.2.0/node_modules/router/index.js:291:5)
    at Function.handle (/root/HOME/webhook/node_modules/.pnpm/router@2.2.0/node_modules/router/index.js:186:3)
2025-07-03 06:48:56: PayloadTooLargeError: request entity too large
    at readStream (/root/HOME/webhook/node_modules/.pnpm/raw-body@3.0.0/node_modules/raw-body/index.js:163:17)
    at getRawBody (/root/HOME/webhook/node_modules/.pnpm/raw-body@3.0.0/node_modules/raw-body/index.js:116:12)
    at read (/root/HOME/webhook/node_modules/.pnpm/body-parser@2.2.0/node_modules/body-parser/lib/read.js:74:3)
    at jsonParser (/root/HOME/webhook/node_modules/.pnpm/body-parser@2.2.0/node_modules/body-parser/lib/types/json.js:125:5)
    at Layer.handleRequest (/root/HOME/webhook/node_modules/.pnpm/router@2.2.0/node_modules/router/lib/layer.js:152:17)
    at trimPrefix (/root/HOME/webhook/node_modules/.pnpm/router@2.2.0/node_modules/router/index.js:342:13)
    at /root/HOME/webhook/node_modules/.pnpm/router@2.2.0/node_modules/router/index.js:297:9
    at processParams (/root/HOME/webhook/node_modules/.pnpm/router@2.2.0/node_modules/router/index.js:582:12)
    at next (/root/HOME/webhook/node_modules/.pnpm/router@2.2.0/node_modules/router/index.js:291:5)
    at Function.handle (/root/HOME/webhook/node_modules/.pnpm/router@2.2.0/node_modules/router/index.js:186:3)
2025-07-03 06:49:06: PayloadTooLargeError: request entity too large
    at readStream (/root/HOME/webhook/node_modules/.pnpm/raw-body@3.0.0/node_modules/raw-body/index.js:163:17)
    at getRawBody (/root/HOME/webhook/node_modules/.pnpm/raw-body@3.0.0/node_modules/raw-body/index.js:116:12)
    at read (/root/HOME/webhook/node_modules/.pnpm/body-parser@2.2.0/node_modules/body-parser/lib/read.js:74:3)
    at jsonParser (/root/HOME/webhook/node_modules/.pnpm/body-parser@2.2.0/node_modules/body-parser/lib/types/json.js:125:5)
    at Layer.handleRequest (/root/HOME/webhook/node_modules/.pnpm/router@2.2.0/node_modules/router/lib/layer.js:152:17)
    at trimPrefix (/root/HOME/webhook/node_modules/.pnpm/router@2.2.0/node_modules/router/index.js:342:13)
    at /root/HOME/webhook/node_modules/.pnpm/router@2.2.0/node_modules/router/index.js:297:9
    at processParams (/root/HOME/webhook/node_modules/.pnpm/router@2.2.0/node_modules/router/index.js:582:12)
    at next (/root/HOME/webhook/node_modules/.pnpm/router@2.2.0/node_modules/router/index.js:291:5)
    at Function.handle (/root/HOME/webhook/node_modules/.pnpm/router@2.2.0/node_modules/router/index.js:186:3)
2025-07-03 06:49:24: PayloadTooLargeError: request entity too large
    at readStream (/root/HOME/webhook/node_modules/.pnpm/raw-body@3.0.0/node_modules/raw-body/index.js:163:17)
    at getRawBody (/root/HOME/webhook/node_modules/.pnpm/raw-body@3.0.0/node_modules/raw-body/index.js:116:12)
    at read (/root/HOME/webhook/node_modules/.pnpm/body-parser@2.2.0/node_modules/body-parser/lib/read.js:74:3)
    at jsonParser (/root/HOME/webhook/node_modules/.pnpm/body-parser@2.2.0/node_modules/body-parser/lib/types/json.js:125:5)
    at Layer.handleRequest (/root/HOME/webhook/node_modules/.pnpm/router@2.2.0/node_modules/router/lib/layer.js:152:17)
    at trimPrefix (/root/HOME/webhook/node_modules/.pnpm/router@2.2.0/node_modules/router/index.js:342:13)
    at /root/HOME/webhook/node_modules/.pnpm/router@2.2.0/node_modules/router/index.js:297:9
    at processParams (/root/HOME/webhook/node_modules/.pnpm/router@2.2.0/node_modules/router/index.js:582:12)
    at next (/root/HOME/webhook/node_modules/.pnpm/router@2.2.0/node_modules/router/index.js:291:5)
    at Function.handle (/root/HOME/webhook/node_modules/.pnpm/router@2.2.0/node_modules/router/index.js:186:3)
2025-07-03 06:50:02: PayloadTooLargeError: request entity too large
    at readStream (/root/HOME/webhook/node_modules/.pnpm/raw-body@3.0.0/node_modules/raw-body/index.js:163:17)
    at getRawBody (/root/HOME/webhook/node_modules/.pnpm/raw-body@3.0.0/node_modules/raw-body/index.js:116:12)
    at read (/root/HOME/webhook/node_modules/.pnpm/body-parser@2.2.0/node_modules/body-parser/lib/read.js:74:3)
    at jsonParser (/root/HOME/webhook/node_modules/.pnpm/body-parser@2.2.0/node_modules/body-parser/lib/types/json.js:125:5)
    at Layer.handleRequest (/root/HOME/webhook/node_modules/.pnpm/router@2.2.0/node_modules/router/lib/layer.js:152:17)
    at trimPrefix (/root/HOME/webhook/node_modules/.pnpm/router@2.2.0/node_modules/router/index.js:342:13)
    at /root/HOME/webhook/node_modules/.pnpm/router@2.2.0/node_modules/router/index.js:297:9
    at processParams (/root/HOME/webhook/node_modules/.pnpm/router@2.2.0/node_modules/router/index.js:582:12)
    at next (/root/HOME/webhook/node_modules/.pnpm/router@2.2.0/node_modules/router/index.js:291:5)
    at Function.handle (/root/HOME/webhook/node_modules/.pnpm/router@2.2.0/node_modules/router/index.js:186:3)
2025-07-03 06:51:19: PayloadTooLargeError: request entity too large
    at readStream (/root/HOME/webhook/node_modules/.pnpm/raw-body@3.0.0/node_modules/raw-body/index.js:163:17)
    at getRawBody (/root/HOME/webhook/node_modules/.pnpm/raw-body@3.0.0/node_modules/raw-body/index.js:116:12)
    at read (/root/HOME/webhook/node_modules/.pnpm/body-parser@2.2.0/node_modules/body-parser/lib/read.js:74:3)
    at jsonParser (/root/HOME/webhook/node_modules/.pnpm/body-parser@2.2.0/node_modules/body-parser/lib/types/json.js:125:5)
    at Layer.handleRequest (/root/HOME/webhook/node_modules/.pnpm/router@2.2.0/node_modules/router/lib/layer.js:152:17)
    at trimPrefix (/root/HOME/webhook/node_modules/.pnpm/router@2.2.0/node_modules/router/index.js:342:13)
    at /root/HOME/webhook/node_modules/.pnpm/router@2.2.0/node_modules/router/index.js:297:9
    at processParams (/root/HOME/webhook/node_modules/.pnpm/router@2.2.0/node_modules/router/index.js:582:12)
    at next (/root/HOME/webhook/node_modules/.pnpm/router@2.2.0/node_modules/router/index.js:291:5)
    at Function.handle (/root/HOME/webhook/node_modules/.pnpm/router@2.2.0/node_modules/router/index.js:186:3)
2025-07-03 06:53:29: PayloadTooLargeError: request entity too large
    at readStream (/root/HOME/webhook/node_modules/.pnpm/raw-body@3.0.0/node_modules/raw-body/index.js:163:17)
    at getRawBody (/root/HOME/webhook/node_modules/.pnpm/raw-body@3.0.0/node_modules/raw-body/index.js:116:12)
    at read (/root/HOME/webhook/node_modules/.pnpm/body-parser@2.2.0/node_modules/body-parser/lib/read.js:74:3)
    at jsonParser (/root/HOME/webhook/node_modules/.pnpm/body-parser@2.2.0/node_modules/body-parser/lib/types/json.js:125:5)
    at Layer.handleRequest (/root/HOME/webhook/node_modules/.pnpm/router@2.2.0/node_modules/router/lib/layer.js:152:17)
    at trimPrefix (/root/HOME/webhook/node_modules/.pnpm/router@2.2.0/node_modules/router/index.js:342:13)
    at /root/HOME/webhook/node_modules/.pnpm/router@2.2.0/node_modules/router/index.js:297:9
    at processParams (/root/HOME/webhook/node_modules/.pnpm/router@2.2.0/node_modules/router/index.js:582:12)
    at next (/root/HOME/webhook/node_modules/.pnpm/router@2.2.0/node_modules/router/index.js:291:5)
    at Function.handle (/root/HOME/webhook/node_modules/.pnpm/router@2.2.0/node_modules/router/index.js:186:3)
2025-07-03 06:58:00: PayloadTooLargeError: request entity too large
    at readStream (/root/HOME/webhook/node_modules/.pnpm/raw-body@3.0.0/node_modules/raw-body/index.js:163:17)
    at getRawBody (/root/HOME/webhook/node_modules/.pnpm/raw-body@3.0.0/node_modules/raw-body/index.js:116:12)
    at read (/root/HOME/webhook/node_modules/.pnpm/body-parser@2.2.0/node_modules/body-parser/lib/read.js:74:3)
    at jsonParser (/root/HOME/webhook/node_modules/.pnpm/body-parser@2.2.0/node_modules/body-parser/lib/types/json.js:125:5)
    at Layer.handleRequest (/root/HOME/webhook/node_modules/.pnpm/router@2.2.0/node_modules/router/lib/layer.js:152:17)
    at trimPrefix (/root/HOME/webhook/node_modules/.pnpm/router@2.2.0/node_modules/router/index.js:342:13)
    at /root/HOME/webhook/node_modules/.pnpm/router@2.2.0/node_modules/router/index.js:297:9
    at processParams (/root/HOME/webhook/node_modules/.pnpm/router@2.2.0/node_modules/router/index.js:582:12)
    at next (/root/HOME/webhook/node_modules/.pnpm/router@2.2.0/node_modules/router/index.js:291:5)
    at Function.handle (/root/HOME/webhook/node_modules/.pnpm/router@2.2.0/node_modules/router/index.js:186:3)
2025-07-03 07:08:08: PayloadTooLargeError: request entity too large
    at readStream (/root/HOME/webhook/node_modules/.pnpm/raw-body@3.0.0/node_modules/raw-body/index.js:163:17)
    at getRawBody (/root/HOME/webhook/node_modules/.pnpm/raw-body@3.0.0/node_modules/raw-body/index.js:116:12)
    at read (/root/HOME/webhook/node_modules/.pnpm/body-parser@2.2.0/node_modules/body-parser/lib/read.js:74:3)
    at jsonParser (/root/HOME/webhook/node_modules/.pnpm/body-parser@2.2.0/node_modules/body-parser/lib/types/json.js:125:5)
    at Layer.handleRequest (/root/HOME/webhook/node_modules/.pnpm/router@2.2.0/node_modules/router/lib/layer.js:152:17)
    at trimPrefix (/root/HOME/webhook/node_modules/.pnpm/router@2.2.0/node_modules/router/index.js:342:13)
    at /root/HOME/webhook/node_modules/.pnpm/router@2.2.0/node_modules/router/index.js:297:9
    at processParams (/root/HOME/webhook/node_modules/.pnpm/router@2.2.0/node_modules/router/index.js:582:12)
    at next (/root/HOME/webhook/node_modules/.pnpm/router@2.2.0/node_modules/router/index.js:291:5)
    at Function.handle (/root/HOME/webhook/node_modules/.pnpm/router@2.2.0/node_modules/router/index.js:186:3)
2025-07-03 07:24:53: TypeError: Cannot read properties of null (reading 'includes')
    at /root/HOME/webhook/index.js:145:25
    at Layer.handleRequest (/root/HOME/webhook/node_modules/.pnpm/router@2.2.0/node_modules/router/lib/layer.js:152:17)
    at next (/root/HOME/webhook/node_modules/.pnpm/router@2.2.0/node_modules/router/lib/route.js:157:13)
    at Route.dispatch (/root/HOME/webhook/node_modules/.pnpm/router@2.2.0/node_modules/router/lib/route.js:117:3)
    at handle (/root/HOME/webhook/node_modules/.pnpm/router@2.2.0/node_modules/router/index.js:435:11)
    at Layer.handleRequest (/root/HOME/webhook/node_modules/.pnpm/router@2.2.0/node_modules/router/lib/layer.js:152:17)
    at /root/HOME/webhook/node_modules/.pnpm/router@2.2.0/node_modules/router/index.js:295:15
    at processParams (/root/HOME/webhook/node_modules/.pnpm/router@2.2.0/node_modules/router/index.js:582:12)
    at next (/root/HOME/webhook/node_modules/.pnpm/router@2.2.0/node_modules/router/index.js:291:5)
    at /root/HOME/webhook/node_modules/.pnpm/body-parser@2.2.0/node_modules/body-parser/lib/read.js:132:5
2025-07-03 07:26:14: PayloadTooLargeError: request entity too large
    at readStream (/root/HOME/webhook/node_modules/.pnpm/raw-body@3.0.0/node_modules/raw-body/index.js:163:17)
    at getRawBody (/root/HOME/webhook/node_modules/.pnpm/raw-body@3.0.0/node_modules/raw-body/index.js:116:12)
    at read (/root/HOME/webhook/node_modules/.pnpm/body-parser@2.2.0/node_modules/body-parser/lib/read.js:74:3)
    at jsonParser (/root/HOME/webhook/node_modules/.pnpm/body-parser@2.2.0/node_modules/body-parser/lib/types/json.js:125:5)
    at Layer.handleRequest (/root/HOME/webhook/node_modules/.pnpm/router@2.2.0/node_modules/router/lib/layer.js:152:17)
    at trimPrefix (/root/HOME/webhook/node_modules/.pnpm/router@2.2.0/node_modules/router/index.js:342:13)
    at /root/HOME/webhook/node_modules/.pnpm/router@2.2.0/node_modules/router/index.js:297:9
    at processParams (/root/HOME/webhook/node_modules/.pnpm/router@2.2.0/node_modules/router/index.js:582:12)
    at next (/root/HOME/webhook/node_modules/.pnpm/router@2.2.0/node_modules/router/index.js:291:5)
    at Function.handle (/root/HOME/webhook/node_modules/.pnpm/router@2.2.0/node_modules/router/index.js:186:3)
2025-07-03 07:39:55: TypeError: Cannot read properties of null (reading 'includes')
    at /root/HOME/webhook/index.js:145:25
    at Layer.handleRequest (/root/HOME/webhook/node_modules/.pnpm/router@2.2.0/node_modules/router/lib/layer.js:152:17)
    at next (/root/HOME/webhook/node_modules/.pnpm/router@2.2.0/node_modules/router/lib/route.js:157:13)
    at Route.dispatch (/root/HOME/webhook/node_modules/.pnpm/router@2.2.0/node_modules/router/lib/route.js:117:3)
    at handle (/root/HOME/webhook/node_modules/.pnpm/router@2.2.0/node_modules/router/index.js:435:11)
    at Layer.handleRequest (/root/HOME/webhook/node_modules/.pnpm/router@2.2.0/node_modules/router/lib/layer.js:152:17)
    at /root/HOME/webhook/node_modules/.pnpm/router@2.2.0/node_modules/router/index.js:295:15
    at processParams (/root/HOME/webhook/node_modules/.pnpm/router@2.2.0/node_modules/router/index.js:582:12)
    at next (/root/HOME/webhook/node_modules/.pnpm/router@2.2.0/node_modules/router/index.js:291:5)
    at /root/HOME/webhook/node_modules/.pnpm/body-parser@2.2.0/node_modules/body-parser/lib/read.js:132:5
2025-07-03 07:49:04: TypeError: Cannot read properties of null (reading 'includes')
    at /root/HOME/webhook/index.js:145:25
    at Layer.handleRequest (/root/HOME/webhook/node_modules/.pnpm/router@2.2.0/node_modules/router/lib/layer.js:152:17)
    at next (/root/HOME/webhook/node_modules/.pnpm/router@2.2.0/node_modules/router/lib/route.js:157:13)
    at Route.dispatch (/root/HOME/webhook/node_modules/.pnpm/router@2.2.0/node_modules/router/lib/route.js:117:3)
    at handle (/root/HOME/webhook/node_modules/.pnpm/router@2.2.0/node_modules/router/index.js:435:11)
    at Layer.handleRequest (/root/HOME/webhook/node_modules/.pnpm/router@2.2.0/node_modules/router/lib/layer.js:152:17)
    at /root/HOME/webhook/node_modules/.pnpm/router@2.2.0/node_modules/router/index.js:295:15
    at processParams (/root/HOME/webhook/node_modules/.pnpm/router@2.2.0/node_modules/router/index.js:582:12)
    at next (/root/HOME/webhook/node_modules/.pnpm/router@2.2.0/node_modules/router/index.js:291:5)
    at /root/HOME/webhook/node_modules/.pnpm/body-parser@2.2.0/node_modules/body-parser/lib/read.js:132:5
